Microchip MPLAB XC8 Compiler V1.44 ()

Linker command line:

-W-3 --edf=C:\Program Files (x86)\Microchip\xc8\v1.44\dat\en_msgs.txt -cs \
  -h+dist/default/production\Test_UART.X.production.sym \
  --cmf=dist/default/production\Test_UART.X.production.cmf -z -Q16F1619 \
  -oC:\Users\C20590\AppData\Local\Temp\sqi0.2 \
  -Mdist/default/production/Test_UART.X.production.map -E1 -ver=XC8 \
  -ASTACK=02018h-023efh -pstack=STACK -ACODE=00h-07FFhx4 \
  -ASTRCODE=00h-01FFFh -ASTRING=00h-0FFhx32 -ACONST=00h-0FFhx32 \
  -AENTRY=00h-0FFhx32 -ACOMMON=070h-07Fh -ABANK0=020h-06Fh \
  -ABANK1=0A0h-0EFh -ABANK2=0120h-016Fh -ABANK3=01A0h-01EFh \
  -ABANK4=0220h-026Fh -ABANK5=02A0h-02EFh -ABANK6=0320h-036Fh \
  -ABANK7=03A0h-03EFh -ABANK8=0420h-046Fh -ABANK9=04A0h-04EFh \
  -ABANK10=0520h-056Fh -ABANK11=05A0h-05EFh -ABANK12=0620h-064Fh \
  -ABIGRAM=02000h-023EFh \
  -ARAM=020h-06Fh,0A0h-0EFh,0120h-016Fh,01A0h-01EFh,0220h-026Fh,02A0h-02EFh,0320h-036Fh,03A0h-03EFh,0420h-046Fh,04A0h-04EFh,0520h-056Fh,05A0h-05EFh,0620h-064Fh \
  -AABS1=020h-07Fh,0A0h-0EFh,0120h-016Fh,01A0h-01EFh,0220h-026Fh,02A0h-02EFh,0320h-036Fh,03A0h-03EFh,0420h-046Fh,04A0h-04EFh,0520h-056Fh,05A0h-05EFh,0620h-064Fh \
  -ASFR0=00h-01Fh -ASFR1=080h-09Fh -ASFR2=0100h-011Fh -ASFR3=0180h-019Fh \
  -ASFR4=0200h-021Fh -ASFR5=0280h-029Fh -ASFR6=0300h-031Fh \
  -ASFR7=0380h-039Fh -ASFR8=0400h-041Fh -ASFR9=0480h-049Fh \
  -ASFR10=0500h-051Fh -ASFR11=0580h-059Fh -ASFR12=0600h-061Fh \
  -ASFR13=0680h-06EFh -ASFR14=0700h-076Fh -ASFR15=0780h-07EFh \
  -ASFR16=0800h-086Fh -ASFR17=0880h-08EFh -ASFR18=0900h-096Fh \
  -ASFR19=0980h-09EFh -ASFR20=0A00h-0A6Fh -ASFR21=0A80h-0AEFh \
  -ASFR22=0B00h-0B6Fh -ASFR23=0B80h-0BEFh -ASFR24=0C00h-0C6Fh \
  -ASFR25=0C80h-0CEFh -ASFR26=0D00h-0D6Fh -ASFR27=0D80h-0DEFh \
  -ASFR28=0E00h-0E6Fh -ASFR29=0E80h-0EEFh -ASFR30=0F00h-0F6Fh \
  -ASFR31=0F80h-0FEFh -preset_vec=00h,intentry=04h,init,end_init \
  -ppowerup=CODE -pcinit=CODE -pfunctab=ENTRY -ACONFIG=08007h-08009h \
  -pconfig=CONFIG -DCONFIG=2 -AIDLOC=08000h-08003h -pidloc=IDLOC -DIDLOC=2 \
  -DCODE=2 -DSTRCODE=2 -DSTRING=2 -DCONST=2 -DENTRY=2 -k \
  C:\Users\C20590\AppData\Local\Temp\sqi0.obj \
  dist/default/production\Test_UART.X.production.obj 

Object code version is 3.11

Machine type is 16F1619



                Name                               Link     Load   Length Selector   Space Scale
C:\Users\C20590\AppData\Local\Temp\sqi0.obj
                end_init                             22       22        2        8       0
                reset_vec                             0        0        2        0       0
                config                             8007     8007        3    1000E       0
dist/default/production\Test_UART.X.production.obj
                cinit                                24       24        D        8       0
                intentry                              4        4       1E        8       0
                text10                               FF       FF       1B       C8       0
                text9                                C7       C7       1D       C8       0
                text7                                E4       E4       1B       C8       0
                text6                               134      134        A       C8       0
                text5                                87       87       23       C8       0
                text4                               13E      13E        9       C8       0
                text3                                64       64       23       C8       0
                text2                               14D      14D        5       C8       0
                text1                                AA       AA       1D       C8       0
                maintext                            11A      11A       1A       C8       0
                cstackBANK0                          34       34        4       20       1
                cstackCOMMON                         70       70        A       70       1
                clrtext                             147      147        6       C8       0
                bssBANK0                             20       20       14       20       1
                bssCOMMON                            7A       7A        2       70       1
                stringtext1                          31       31       33       62       0

TOTAL           Name                               Link     Load   Length     Space
        CLASS   STACK          

        CLASS   CODE           
                end_init                             22       22        2         0
                cinit                                24       24        D         0
                intentry                              4        4       1E         0
                reset_vec                             0        0        2         0
                text10                               FF       FF       1B         0
                text9                                C7       C7       1D         0
                text7                                E4       E4       1B         0
                text6                               134      134        A         0
                text5                                87       87       23         0
                text4                               13E      13E        9         0
                text3                                64       64       23         0
                text2                               14D      14D        5         0
                text1                                AA       AA       1D         0
                maintext                            11A      11A       1A         0
                clrtext                             147      147        6         0

        CLASS   STRCODE        
                stringtext1                          31       31       33         0

        CLASS   STRING         

        CLASS   CONST          

        CLASS   ENTRY          

        CLASS   COMMON         
                cstackCOMMON                         70       70        A         1
                bssCOMMON                            7A       7A        2         1

        CLASS   BANK0          
                cstackBANK0                          34       34        4         1
                bssBANK0                             20       20       14         1

        CLASS   BANK1          

        CLASS   BANK2          

        CLASS   BANK3          

        CLASS   BANK4          

        CLASS   BANK5          

        CLASS   BANK6          

        CLASS   BANK7          

        CLASS   BANK8          

        CLASS   BANK9          

        CLASS   BANK10         

        CLASS   BANK11         

        CLASS   BANK12         

        CLASS   BIGRAM         

        CLASS   RAM            

        CLASS   ABS1           
                abs_s1                               7E       7E        2         1

        CLASS   SFR0           

        CLASS   SFR1           

        CLASS   SFR2           

        CLASS   SFR3           

        CLASS   SFR4           

        CLASS   SFR5           

        CLASS   SFR6           

        CLASS   SFR7           

        CLASS   SFR8           

        CLASS   SFR9           

        CLASS   SFR10          

        CLASS   SFR11          

        CLASS   SFR12          

        CLASS   SFR13          

        CLASS   SFR14          

        CLASS   SFR15          

        CLASS   SFR16          

        CLASS   SFR17          

        CLASS   SFR18          

        CLASS   SFR19          

        CLASS   SFR20          

        CLASS   SFR21          

        CLASS   SFR22          

        CLASS   SFR23          

        CLASS   SFR24          

        CLASS   SFR25          

        CLASS   SFR26          

        CLASS   SFR27          

        CLASS   SFR28          

        CLASS   SFR29          

        CLASS   SFR30          

        CLASS   SFR31          

        CLASS   CONFIG         
                config                             8007     8007        3         0

        CLASS   IDLOC          

        CLASS   BANK31         

        CLASS   BANK30         

        CLASS   BANK29         

        CLASS   BANK28         

        CLASS   BANK27         

        CLASS   BANK26         

        CLASS   BANK25         

        CLASS   BANK24         

        CLASS   BANK23         

        CLASS   BANK22         

        CLASS   BANK21         

        CLASS   BANK20         

        CLASS   BANK19         

        CLASS   BANK18         

        CLASS   BANK17         

        CLASS   BANK16         

        CLASS   BANK15         

        CLASS   BANK14         

        CLASS   BANK13         

        CLASS   EEDATA         



SEGMENTS        Name                           Load    Length   Top    Selector   Space  Class     Delta

                reset_vec                      000000  000002  000002         0       0  CODE        2
                intentry                       000004  00002D  000031         8       0  CODE        2
                bssBANK0                       000020  000018  000038        20       1  BANK0       1
                stringtext1                    000031  000033  000064        62       0  STRCODE     2
                cstackCOMMON                   000070  00000C  00007C        70       1  COMMON      1
                text3                          000064  0000EE  000152        C8       0  CODE        2
                config                         008007  000003  00800A     1000E       0  CONFIG      2


UNUSED ADDRESS RANGES

        Name                Unused          Largest block    Delta
        BANK0            00038-0006F              38           1
        BANK1            000A0-000EF              50           1
        BANK10           00520-0056F              50           1
        BANK11           005A0-005EF              50           1
        BANK12           00620-0064F              30           1
        BANK2            00120-0016F              50           1
        BANK3            001A0-001EF              50           1
        BANK4            00220-0026F              50           1
        BANK5            002A0-002EF              50           1
        BANK6            00320-0036F              50           1
        BANK7            003A0-003EF              50           1
        BANK8            00420-0046F              50           1
        BANK9            004A0-004EF              50           1
        BIGRAM           02000-023EF             3F0           1
        CODE             00002-00003               2           2
                         00152-01FFF             800
        COMMON           0007C-0007D               2           1
        CONST            00002-00003               2           2
                         00152-01FFF             100
        ENTRY            00002-00003               2           2
                         00152-01FFF             100
        IDLOC            08000-08003               4           2
        RAM              00038-0006F              38           1
                         000A0-000EF              50
                         00120-0016F              50
                         001A0-001EF              50
                         00220-0026F              50
                         002A0-002EF              50
                         00320-0036F              50
                         003A0-003EF              50
                         00420-0046F              50
                         004A0-004EF              50
                         00520-0056F              50
                         005A0-005EF              50
                         00620-0064F              30
        SFR0             00000-0001F              20           1
        SFR1             00080-0009F              20           1
        SFR10            00500-0051F              20           1
        SFR11            00580-0059F              20           1
        SFR12            00600-0061F              20           1
        SFR13            00680-006EF              70           1
        SFR14            00700-0076F              70           1
        SFR15            00780-007EF              70           1
        SFR16            00800-0086F              70           1
        SFR17            00880-008EF              70           1
        SFR18            00900-0096F              70           1
        SFR19            00980-009EF              70           1
        SFR2             00100-0011F              20           1
        SFR20            00A00-00A6F              70           1
        SFR21            00A80-00AEF              70           1
        SFR22            00B00-00B6F              70           1
        SFR23            00B80-00BEF              70           1
        SFR24            00C00-00C6F              70           1
        SFR25            00C80-00CEF              70           1
        SFR26            00D00-00D6F              70           1
        SFR27            00D80-00DEF              70           1
        SFR28            00E00-00E6F              70           1
        SFR29            00E80-00EEF              70           1
        SFR3             00180-0019F              20           1
        SFR30            00F00-00F6F              70           1
        SFR31            00F80-00FEF              70           1
        SFR4             00200-0021F              20           1
        SFR5             00280-0029F              20           1
        SFR6             00300-0031F              20           1
        SFR7             00380-0039F              20           1
        SFR8             00400-0041F              20           1
        SFR9             00480-0049F              20           1
        STACK            02018-023EF             3D8           1
        STRCODE          00002-00003               2           2
                         00152-01FFF            1EAE
        STRING           00002-00003               2           2
                         00152-01FFF             100

                                  Symbol Table

?_printf                             cstackCOMMON 00075
EUSART_Write@txData                  cstackCOMMON 00073
_ANSELA                              (abs)        0018C
_ANSELB                              (abs)        0018D
_ANSELC                              (abs)        0018E
_BAUD1CON                            (abs)        0019F
_BORCON                              (abs)        00116
_EUSART_Initialize                   text7        000E4
_EUSART_Receive_ISR                  text10       000FF
_EUSART_Transmit_ISR                 text9        000C7
_EUSART_Write                        text3        00064
_INTCONbits                          (abs)        0000B
_INTERRUPT_InterruptManager          intentry     00004
_LATA                                (abs)        0010C
_LATB                                (abs)        0010D
_LATC                                (abs)        0010E
_ODCONA                              (abs)        0028C
_ODCONB                              (abs)        0028D
_ODCONC                              (abs)        0028E
_OPTION_REGbits                      (abs)        00095
_OSCCON                              (abs)        00099
_OSCILLATOR_Initialize               text6        00134
_OSCTUNE                             (abs)        00098
_PIE1bits                            (abs)        00090
_PIN_MANAGER_Initialize              text5        00087
_PIR1bits                            (abs)        00010
_PLLR                                (abs)        004D6
_RB7PPS                              (abs)        00E9F
_RC1REG                              (abs)        00199
_RC1STA                              (abs)        0019D
_RC1STAbits                          (abs)        0019D
_RXPPS                               (abs)        00E24
_SPBRGH                              (abs)        0019C
_SPBRGL                              (abs)        0019B
_SYSTEM_Initialize                   text4        0013E
_TRISA                               (abs)        0008C
_TRISB                               (abs)        0008D
_TRISC                               (abs)        0008E
_TX1REG                              (abs)        0019A
_TX1STA                              (abs)        0019E
_WPUA                                (abs)        0020C
_WPUB                                (abs)        0020D
_WPUC                                (abs)        0020E
__CFG_BOREN$ON                       (abs)        00000
__CFG_BORV$LO                        (abs)        00000
__CFG_CLKOUTEN$OFF                   (abs)        00000
__CFG_CP$OFF                         (abs)        00000
__CFG_FCMEN$ON                       (abs)        00000
__CFG_FOSC$INTOSC                    (abs)        00000
__CFG_IESO$ON                        (abs)        00000
__CFG_LPBOR$OFF                      (abs)        00000
__CFG_LVP$ON                         (abs)        00000
__CFG_MCLRE$ON                       (abs)        00000
__CFG_PLLEN$ON                       (abs)        00000
__CFG_PPS1WAY$ON                     (abs)        00000
__CFG_PWRTE$OFF                      (abs)        00000
__CFG_STVREN$ON                      (abs)        00000
__CFG_WDTCCS$SWC                     (abs)        00000
__CFG_WDTCPS$WDTCPS1F                (abs)        00000
__CFG_WDTCWS$WDTCWSSW                (abs)        00000
__CFG_WDTE$OFF                       (abs)        00000
__CFG_WRT$OFF                        (abs)        00000
__CFG_ZCD$OFF                        (abs)        00000
__Habs1                              abs1         00000
__Hbank0                             bank0        00000
__Hbank1                             bank1        00000
__Hbank10                            bank10       00000
__Hbank11                            bank11       00000
__Hbank12                            bank12       00000
__Hbank13                            bank13       00000
__Hbank14                            bank14       00000
__Hbank15                            bank15       00000
__Hbank16                            bank16       00000
__Hbank17                            bank17       00000
__Hbank18                            bank18       00000
__Hbank19                            bank19       00000
__Hbank2                             bank2        00000
__Hbank20                            bank20       00000
__Hbank21                            bank21       00000
__Hbank22                            bank22       00000
__Hbank23                            bank23       00000
__Hbank24                            bank24       00000
__Hbank25                            bank25       00000
__Hbank26                            bank26       00000
__Hbank27                            bank27       00000
__Hbank28                            bank28       00000
__Hbank29                            bank29       00000
__Hbank3                             bank3        00000
__Hbank30                            bank30       00000
__Hbank31                            bank31       00000
__Hbank4                             bank4        00000
__Hbank5                             bank5        00000
__Hbank6                             bank6        00000
__Hbank7                             bank7        00000
__Hbank8                             bank8        00000
__Hbank9                             bank9        00000
__Hbigram                            bigram       00000
__HbssBANK0                          bssBANK0     00000
__HbssCOMMON                         bssCOMMON    00000
__Hcinit                             cinit        00031
__Hclrtext                           clrtext      00000
__Hcode                              code         00000
__Hcommon                            common       00000
__Hconfig                            config       0800A
__HcstackBANK0                       cstackBANK0  00000
__HcstackCOMMON                      cstackCOMMON 00000
__Heeprom_data                       eeprom_data  00000
__Hend_init                          end_init     00024
__Hfunctab                           functab      00000
__Hidloc                             idloc        00000
__Hinit                              init         00022
__Hintentry                          intentry     00022
__Hmaintext                          maintext     00000
__Hpowerup                           powerup      00000
__Hram                               ram          00000
__Hreset_vec                         reset_vec    00002
__Hsfr0                              sfr0         00000
__Hsfr1                              sfr1         00000
__Hsfr10                             sfr10        00000
__Hsfr11                             sfr11        00000
__Hsfr12                             sfr12        00000
__Hsfr13                             sfr13        00000
__Hsfr14                             sfr14        00000
__Hsfr15                             sfr15        00000
__Hsfr16                             sfr16        00000
__Hsfr17                             sfr17        00000
__Hsfr18                             sfr18        00000
__Hsfr19                             sfr19        00000
__Hsfr2                              sfr2         00000
__Hsfr20                             sfr20        00000
__Hsfr21                             sfr21        00000
__Hsfr22                             sfr22        00000
__Hsfr23                             sfr23        00000
__Hsfr24                             sfr24        00000
__Hsfr25                             sfr25        00000
__Hsfr26                             sfr26        00000
__Hsfr27                             sfr27        00000
__Hsfr28                             sfr28        00000
__Hsfr29                             sfr29        00000
__Hsfr3                              sfr3         00000
__Hsfr30                             sfr30        00000
__Hsfr31                             sfr31        00000
__Hsfr4                              sfr4         00000
__Hsfr5                              sfr5         00000
__Hsfr6                              sfr6         00000
__Hsfr7                              sfr7         00000
__Hsfr8                              sfr8         00000
__Hsfr9                              sfr9         00000
__Hspace_0                           (abs)        0800A
__Hspace_1                           (abs)        0007C
__Hspace_2                           (abs)        00000
__Hspace_3                           (abs)        00000
__Hstack                             stack        00000
__Hstrings                           strings      00000
__Hstringtext1                       stringtext1  00000
__Hstringtext2                       stringtext2  00000
__Htext                              text         00000
__Labs1                              abs1         00000
__Lbank0                             bank0        00000
__Lbank1                             bank1        00000
__Lbank10                            bank10       00000
__Lbank11                            bank11       00000
__Lbank12                            bank12       00000
__Lbank13                            bank13       00000
__Lbank14                            bank14       00000
__Lbank15                            bank15       00000
__Lbank16                            bank16       00000
__Lbank17                            bank17       00000
__Lbank18                            bank18       00000
__Lbank19                            bank19       00000
__Lbank2                             bank2        00000
__Lbank20                            bank20       00000
__Lbank21                            bank21       00000
__Lbank22                            bank22       00000
__Lbank23                            bank23       00000
__Lbank24                            bank24       00000
__Lbank25                            bank25       00000
__Lbank26                            bank26       00000
__Lbank27                            bank27       00000
__Lbank28                            bank28       00000
__Lbank29                            bank29       00000
__Lbank3                             bank3        00000
__Lbank30                            bank30       00000
__Lbank31                            bank31       00000
__Lbank4                             bank4        00000
__Lbank5                             bank5        00000
__Lbank6                             bank6        00000
__Lbank7                             bank7        00000
__Lbank8                             bank8        00000
__Lbank9                             bank9        00000
__Lbigram                            bigram       00000
__LbssBANK0                          bssBANK0     00000
__LbssCOMMON                         bssCOMMON    00000
__Lcinit                             cinit        00024
__Lclrtext                           clrtext      00000
__Lcode                              code         00000
__Lcommon                            common       00000
__Lconfig                            config       08007
__LcstackBANK0                       cstackBANK0  00000
__LcstackCOMMON                      cstackCOMMON 00000
__Leeprom_data                       eeprom_data  00000
__Lend_init                          end_init     00022
__Lfunctab                           functab      00000
__Lidloc                             idloc        00000
__Linit                              init         00022
__Lintentry                          intentry     00004
__Lmaintext                          maintext     00000
__Lpowerup                           powerup      00000
__Lram                               ram          00000
__Lreset_vec                         reset_vec    00000
__Lsfr0                              sfr0         00000
__Lsfr1                              sfr1         00000
__Lsfr10                             sfr10        00000
__Lsfr11                             sfr11        00000
__Lsfr12                             sfr12        00000
__Lsfr13                             sfr13        00000
__Lsfr14                             sfr14        00000
__Lsfr15                             sfr15        00000
__Lsfr16                             sfr16        00000
__Lsfr17                             sfr17        00000
__Lsfr18                             sfr18        00000
__Lsfr19                             sfr19        00000
__Lsfr2                              sfr2         00000
__Lsfr20                             sfr20        00000
__Lsfr21                             sfr21        00000
__Lsfr22                             sfr22        00000
__Lsfr23                             sfr23        00000
__Lsfr24                             sfr24        00000
__Lsfr25                             sfr25        00000
__Lsfr26                             sfr26        00000
__Lsfr27                             sfr27        00000
__Lsfr28                             sfr28        00000
__Lsfr29                             sfr29        00000
__Lsfr3                              sfr3         00000
__Lsfr30                             sfr30        00000
__Lsfr31                             sfr31        00000
__Lsfr4                              sfr4         00000
__Lsfr5                              sfr5         00000
__Lsfr6                              sfr6         00000
__Lsfr7                              sfr7         00000
__Lsfr8                              sfr8         00000
__Lsfr9                              sfr9         00000
__Lspace_0                           (abs)        00000
__Lspace_1                           (abs)        00000
__Lspace_2                           (abs)        00000
__Lspace_3                           (abs)        00000
__Lstack                             stack        00000
__Lstrings                           strings      00000
__Lstringtext1                       stringtext1  00000
__Lstringtext2                       stringtext2  00000
__Ltext                              text         00000
__S0                                 (abs)        0800A
__S1                                 (abs)        0007C
__S2                                 (abs)        00000
___int_sp                            stack        00000
___latbits                           (abs)        00002
___sp                                stack        00000
__end_of_EUSART_Initialize           text7        000FF
__end_of_EUSART_Receive_ISR          text10       0011A
__end_of_EUSART_Transmit_ISR         text9        000E4
__end_of_EUSART_Write                text3        00087
__end_of_INTERRUPT_InterruptManager  intentry     00022
__end_of_OSCILLATOR_Initialize       text6        0013E
__end_of_PIN_MANAGER_Initialize      text5        000AA
__end_of_SYSTEM_Initialize           text4        00147
__end_of__initialization             cinit        0002D
__end_of_main                        maintext     00134
__end_of_printf                      text1        000C7
__end_of_putch                       text2        00152
__initialization                     cinit        00024
__pbssBANK0                          bssBANK0     00020
__pbssCOMMON                         bssCOMMON    0007A
__pcstackBANK0                       cstackBANK0  00034
__pcstackCOMMON                      cstackCOMMON 00070
__pintentry                          intentry     00004
__pmaintext                          maintext     0011A
__pstringtext1                       stringtext1  00031
__pstringtext2                       stringtext2  00000
__ptext1                             text1        000AA
__ptext10                            text10       000FF
__ptext2                             text2        0014D
__ptext3                             text3        00064
__ptext4                             text4        0013E
__ptext5                             text5        00087
__ptext6                             text6        00134
__ptext7                             text7        000E4
__ptext9                             text9        000C7
__size_of_EUSART_Initialize          (abs)        00000
__size_of_EUSART_Receive_ISR         (abs)        00000
__size_of_EUSART_Transmit_ISR        (abs)        00000
__size_of_EUSART_Write               (abs)        00000
__size_of_INTERRUPT_InterruptManager (abs)        00000
__size_of_OSCILLATOR_Initialize      (abs)        00000
__size_of_PIN_MANAGER_Initialize     (abs)        00000
__size_of_SYSTEM_Initialize          (abs)        00000
__size_of_main                       (abs)        00000
__size_of_printf                     (abs)        00000
__size_of_putch                      (abs)        00000
_eusartRxBuffer                      bssBANK0     00020
_eusartRxCount                       bssBANK0     00030
_eusartRxHead                        bssBANK0     00032
_eusartRxTail                        bssBANK0     00031
_eusartTxBuffer                      bssBANK0     00028
_eusartTxBufferRemaining             bssBANK0     00033
_eusartTxHead                        bssCOMMON    0007B
_eusartTxTail                        bssCOMMON    0007A
_main                                maintext     0011A
_printf                              text1        000AA
_putch                               text2        0014D
btemp                                (abs)        0007E
clear_ram0                           clrtext      00147
end_of_initialization                cinit        0002D
int$flags                            (abs)        0007E
intlevel0                            functab      00000
intlevel1                            functab      00000
intlevel2                            functab      00000
intlevel3                            functab      00000
intlevel4                            functab      00000
intlevel5                            functab      00000
printf@ap                            cstackBANK0  00034
printf@c                             cstackBANK0  00035
printf@f                             cstackCOMMON 00075
putch@txData                         cstackCOMMON 00074
reset_vec                            reset_vec    00000
stackhi                              (abs)        023EF
stacklo                              (abs)        02018
start                                init         00022
start_initialization                 cinit        00024
wtemp0                               (abs)        0007E


FUNCTION INFORMATION:

 *************** function _main *****************
 Defined at:
		line 49 in file "main.c"
 Parameters:    Size  Location     Type
		None
 Auto vars:     Size  Location     Type
		None
 Return value:  Size  Location     Type
                  1    wreg      void 
 Registers used:
		wreg, fsr0l, fsr0h, fsr1l, fsr1h, status,2, status,0, pclath, cstack
 Tracked objects:
		On entry : 
		On exit  : 
		Unchanged: 
 Data sizes:     COMMON   BANK0   BANK1   BANK2   BANK3   BANK4   BANK5   BANK6   BANK7   BANK8   BANK9  BANK10  BANK11  BANK12
      Params:         0       0       0       0       0       0       0       0       0       0       0       0       0       0
      Locals:         0       0       0       0       0       0       0       0       0       0       0       0       0       0
      Temps:          0       2       0       0       0       0       0       0       0       0       0       0       0       0
      Totals:         0       2       0       0       0       0       0       0       0       0       0       0       0       0
Total ram usage:        2 bytes
 Hardware stack levels required when called:    5
 This function calls:
		_SYSTEM_Initialize
		_printf
 This function is called by:
		Startup code after reset
 This function uses a non-reentrant model


 *************** function _printf *****************
 Defined at:
		line 464 in file "C:\Program Files (x86)\Microchip\xc8\v1.44\sources\common\doprnt.c"
 Parameters:    Size  Location     Type
  f               2    5[COMMON] PTR const unsigned char 
		 -> STR_1(51), 
 Auto vars:     Size  Location     Type
  tmpval          4    0        struct .
  cp              2    0        PTR const unsigned char 
  len             2    0        unsigned int 
  val             2    0        unsigned int 
  c               1    1[BANK0 ] char 
  ap              1    0[BANK0 ] PTR void [1]
		 -> ?_printf(2), 
  flag            1    0        unsigned char 
  prec            1    0        char 
 Return value:  Size  Location     Type
                  2    5[COMMON] int 
 Registers used:
		wreg, fsr0l, fsr0h, fsr1l, fsr1h, status,2, status,0, pclath, cstack
 Tracked objects:
		On entry : 
		On exit  : 
		Unchanged: 
 Data sizes:     COMMON   BANK0   BANK1   BANK2   BANK3   BANK4   BANK5   BANK6   BANK7   BANK8   BANK9  BANK10  BANK11  BANK12
      Params:         2       0       0       0       0       0       0       0       0       0       0       0       0       0
      Locals:         0       2       0       0       0       0       0       0       0       0       0       0       0       0
      Temps:          3       0       0       0       0       0       0       0       0       0       0       0       0       0
      Totals:         5       2       0       0       0       0       0       0       0       0       0       0       0       0
Total ram usage:        7 bytes
 Hardware stack levels used:    1
 Hardware stack levels required when called:    4
 This function calls:
		_putch
 This function is called by:
		_main
 This function uses a non-reentrant model


 *************** function _putch *****************
 Defined at:
		line 156 in file "mcc_generated_files/eusart.c"
 Parameters:    Size  Location     Type
  txData          1    wreg     unsigned char 
 Auto vars:     Size  Location     Type
  txData          1    4[COMMON] unsigned char 
 Return value:  Size  Location     Type
                  1    wreg      void 
 Registers used:
		wreg, fsr1l, fsr1h, status,2, status,0, pclath, cstack
 Tracked objects:
		On entry : 
		On exit  : 
		Unchanged: 
 Data sizes:     COMMON   BANK0   BANK1   BANK2   BANK3   BANK4   BANK5   BANK6   BANK7   BANK8   BANK9  BANK10  BANK11  BANK12
      Params:         0       0       0       0       0       0       0       0       0       0       0       0       0       0
      Locals:         1       0       0       0       0       0       0       0       0       0       0       0       0       0
      Temps:          0       0       0       0       0       0       0       0       0       0       0       0       0       0
      Totals:         1       0       0       0       0       0       0       0       0       0       0       0       0       0
Total ram usage:        1 bytes
 Hardware stack levels used:    1
 Hardware stack levels required when called:    3
 This function calls:
		_EUSART_Write
 This function is called by:
		_printf
 This function uses a non-reentrant model


 *************** function _EUSART_Write *****************
 Defined at:
		line 128 in file "mcc_generated_files/eusart.c"
 Parameters:    Size  Location     Type
  txData          1    wreg     unsigned char 
 Auto vars:     Size  Location     Type
  txData          1    3[COMMON] unsigned char 
 Return value:  Size  Location     Type
                  1    wreg      void 
 Registers used:
		wreg, fsr1l, fsr1h, status,2, status,0
 Tracked objects:
		On entry : 
		On exit  : 
		Unchanged: 
 Data sizes:     COMMON   BANK0   BANK1   BANK2   BANK3   BANK4   BANK5   BANK6   BANK7   BANK8   BANK9  BANK10  BANK11  BANK12
      Params:         0       0       0       0       0       0       0       0       0       0       0       0       0       0
      Locals:         1       0       0       0       0       0       0       0       0       0       0       0       0       0
      Temps:          1       0       0       0       0       0       0       0       0       0       0       0       0       0
      Totals:         2       0       0       0       0       0       0       0       0       0       0       0       0       0
Total ram usage:        2 bytes
 Hardware stack levels used:    1
 Hardware stack levels required when called:    2
 This function calls:
		Nothing
 This function is called by:
		_putch
 This function uses a non-reentrant model


 *************** function _SYSTEM_Initialize *****************
 Defined at:
		line 77 in file "mcc_generated_files/mcc.c"
 Parameters:    Size  Location     Type
		None
 Auto vars:     Size  Location     Type
		None
 Return value:  Size  Location     Type
                  1    wreg      void 
 Registers used:
		wreg, status,2, status,0, pclath, cstack
 Tracked objects:
		On entry : 
		On exit  : 
		Unchanged: 
 Data sizes:     COMMON   BANK0   BANK1   BANK2   BANK3   BANK4   BANK5   BANK6   BANK7   BANK8   BANK9  BANK10  BANK11  BANK12
      Params:         0       0       0       0       0       0       0       0       0       0       0       0       0       0
      Locals:         0       0       0       0       0       0       0       0       0       0       0       0       0       0
      Temps:          0       0       0       0       0       0       0       0       0       0       0       0       0       0
      Totals:         0       0       0       0       0       0       0       0       0       0       0       0       0       0
Total ram usage:        0 bytes
 Hardware stack levels used:    1
 Hardware stack levels required when called:    3
 This function calls:
		_EUSART_Initialize
		_OSCILLATOR_Initialize
		_PIN_MANAGER_Initialize
 This function is called by:
		_main
 This function uses a non-reentrant model


 *************** function _PIN_MANAGER_Initialize *****************
 Defined at:
		line 52 in file "mcc_generated_files/pin_manager.c"
 Parameters:    Size  Location     Type
		None
 Auto vars:     Size  Location     Type
		None
 Return value:  Size  Location     Type
                  1    wreg      void 
 Registers used:
		wreg, status,2
 Tracked objects:
		On entry : 
		On exit  : 
		Unchanged: 
 Data sizes:     COMMON   BANK0   BANK1   BANK2   BANK3   BANK4   BANK5   BANK6   BANK7   BANK8   BANK9  BANK10  BANK11  BANK12
      Params:         0       0       0       0       0       0       0       0       0       0       0       0       0       0
      Locals:         0       0       0       0       0       0       0       0       0       0       0       0       0       0
      Temps:          0       0       0       0       0       0       0       0       0       0       0       0       0       0
      Totals:         0       0       0       0       0       0       0       0       0       0       0       0       0       0
Total ram usage:        0 bytes
 Hardware stack levels used:    1
 Hardware stack levels required when called:    2
 This function calls:
		Nothing
 This function is called by:
		_SYSTEM_Initialize
 This function uses a non-reentrant model


 *************** function _OSCILLATOR_Initialize *****************
 Defined at:
		line 84 in file "mcc_generated_files/mcc.c"
 Parameters:    Size  Location     Type
		None
 Auto vars:     Size  Location     Type
		None
 Return value:  Size  Location     Type
                  1    wreg      void 
 Registers used:
		wreg, status,2
 Tracked objects:
		On entry : 
		On exit  : 
		Unchanged: 
 Data sizes:     COMMON   BANK0   BANK1   BANK2   BANK3   BANK4   BANK5   BANK6   BANK7   BANK8   BANK9  BANK10  BANK11  BANK12
      Params:         0       0       0       0       0       0       0       0       0       0       0       0       0       0
      Locals:         0       0       0       0       0       0       0       0       0       0       0       0       0       0
      Temps:          0       0       0       0       0       0       0       0       0       0       0       0       0       0
      Totals:         0       0       0       0       0       0       0       0       0       0       0       0       0       0
Total ram usage:        0 bytes
 Hardware stack levels used:    1
 Hardware stack levels required when called:    2
 This function calls:
		Nothing
 This function is called by:
		_SYSTEM_Initialize
 This function uses a non-reentrant model


 *************** function _EUSART_Initialize *****************
 Defined at:
		line 72 in file "mcc_generated_files/eusart.c"
 Parameters:    Size  Location     Type
		None
 Auto vars:     Size  Location     Type
		None
 Return value:  Size  Location     Type
                  1    wreg      void 
 Registers used:
		wreg, status,2
 Tracked objects:
		On entry : 
		On exit  : 
		Unchanged: 
 Data sizes:     COMMON   BANK0   BANK1   BANK2   BANK3   BANK4   BANK5   BANK6   BANK7   BANK8   BANK9  BANK10  BANK11  BANK12
      Params:         0       0       0       0       0       0       0       0       0       0       0       0       0       0
      Locals:         0       0       0       0       0       0       0       0       0       0       0       0       0       0
      Temps:          1       0       0       0       0       0       0       0       0       0       0       0       0       0
      Totals:         1       0       0       0       0       0       0       0       0       0       0       0       0       0
Total ram usage:        1 bytes
 Hardware stack levels used:    1
 Hardware stack levels required when called:    2
 This function calls:
		Nothing
 This function is called by:
		_SYSTEM_Initialize
 This function uses a non-reentrant model


 *************** function _INTERRUPT_InterruptManager *****************
 Defined at:
		line 51 in file "mcc_generated_files/interrupt_manager.c"
 Parameters:    Size  Location     Type
		None
 Auto vars:     Size  Location     Type
		None
 Return value:  Size  Location     Type
                  1    wreg      void 
 Registers used:
		wreg, fsr1l, fsr1h, status,2, status,0, pclath, cstack
 Tracked objects:
		On entry : 
		On exit  : 
		Unchanged: 
 Data sizes:     COMMON   BANK0   BANK1   BANK2   BANK3   BANK4   BANK5   BANK6   BANK7   BANK8   BANK9  BANK10  BANK11  BANK12
      Params:         0       0       0       0       0       0       0       0       0       0       0       0       0       0
      Locals:         0       0       0       0       0       0       0       0       0       0       0       0       0       0
      Temps:          1       0       0       0       0       0       0       0       0       0       0       0       0       0
      Totals:         1       0       0       0       0       0       0       0       0       0       0       0       0       0
Total ram usage:        1 bytes
 Hardware stack levels used:    1
 Hardware stack levels required when called:    1
 This function calls:
		_EUSART_Receive_ISR
		_EUSART_Transmit_ISR
 This function is called by:
		Interrupt level 1
 This function uses a non-reentrant model


 *************** function _EUSART_Transmit_ISR *****************
 Defined at:
		line 161 in file "mcc_generated_files/eusart.c"
 Parameters:    Size  Location     Type
		None
 Auto vars:     Size  Location     Type
		None
 Return value:  Size  Location     Type
                  1    wreg      void 
 Registers used:
		wreg, fsr1l, fsr1h, status,2, status,0
 Tracked objects:
		On entry : 
		On exit  : 
		Unchanged: 
 Data sizes:     COMMON   BANK0   BANK1   BANK2   BANK3   BANK4   BANK5   BANK6   BANK7   BANK8   BANK9  BANK10  BANK11  BANK12
      Params:         0       0       0       0       0       0       0       0       0       0       0       0       0       0
      Locals:         0       0       0       0       0       0       0       0       0       0       0       0       0       0
      Temps:          1       0       0       0       0       0       0       0       0       0       0       0       0       0
      Totals:         1       0       0       0       0       0       0       0       0       0       0       0       0       0
Total ram usage:        1 bytes
 Hardware stack levels used:    1
 This function calls:
		Nothing
 This function is called by:
		_INTERRUPT_InterruptManager
 This function uses a non-reentrant model


 *************** function _EUSART_Receive_ISR *****************
 Defined at:
		line 180 in file "mcc_generated_files/eusart.c"
 Parameters:    Size  Location     Type
		None
 Auto vars:     Size  Location     Type
		None
 Return value:  Size  Location     Type
                  1    wreg      void 
 Registers used:
		wreg, fsr1l, fsr1h, status,2, status,0
 Tracked objects:
		On entry : 
		On exit  : 
		Unchanged: 
 Data sizes:     COMMON   BANK0   BANK1   BANK2   BANK3   BANK4   BANK5   BANK6   BANK7   BANK8   BANK9  BANK10  BANK11  BANK12
      Params:         0       0       0       0       0       0       0       0       0       0       0       0       0       0
      Locals:         0       0       0       0       0       0       0       0       0       0       0       0       0       0
      Temps:          1       0       0       0       0       0       0       0       0       0       0       0       0       0
      Totals:         1       0       0       0       0       0       0       0       0       0       0       0       0       0
Total ram usage:        1 bytes
 Hardware stack levels used:    1
 This function calls:
		Nothing
 This function is called by:
		_INTERRUPT_InterruptManager
 This function uses a non-reentrant model



MODULE INFORMATION

Module		Function		Class		Link	Load	Size
mcc_generated_files/interrupt_manager.c
		_INTERRUPT_InterruptManager		CODE           	0004	0000	31

mcc_generated_files/interrupt_manager.c estimated size: 31

mcc_generated_files/pin_manager.c
		_PIN_MANAGER_Initialize		CODE           	0087	0000	36

mcc_generated_files/pin_manager.c estimated size: 36

C:\Program Files (x86)\Microchip\xc8\v1.44\sources\common\doprnt.c
		_printf        		CODE           	00AA	0000	30

C:\Program Files (x86)\Microchip\xc8\v1.44\sources\common\doprnt.c estimated size: 30

shared
		__initialization		CODE           	0024	0000	10

shared estimated size: 10

mcc_generated_files/mcc.c
		_OSCILLATOR_Initialize		CODE           	0134	0000	11
		_SYSTEM_Initialize		CODE           	013E	0000	10

mcc_generated_files/mcc.c estimated size: 21

mcc_generated_files/eusart.c
		_putch         		CODE           	014D	0000	6
		_EUSART_Write  		CODE           	0064	0000	36
		_EUSART_Transmit_ISR		CODE           	00C7	0000	30
		_EUSART_Initialize		CODE           	00E4	0000	28
		_EUSART_Receive_ISR		CODE           	00FF	0000	28

mcc_generated_files/eusart.c estimated size: 128

main.c
		_main          		CODE           	011A	0000	27

main.c estimated size: 27

